Command: node scripts/drive-app.mjs --sidecar-probe
Date: 2026-08-02
Exit code: 0

fresh throwaway database created
installed Cloud9.exe launched with debugger port 9333
owner attached at installed file:///.../resources/app/dist-web/index.html with its real embedded relay query

drive-app installed sidecar probe
PASS installed renderer approved and served from C:\Users\vikasmit\AppData\Local\Programs\Cloud9\resources\app\dist-web
PASS loopback server bound only to 127.0.0.1 on OS-assigned port 63307
PASS installed asset MIME, traversal, missing-asset and method guards held
PASS member started on the visible join screen with no owner token and no Electron preload bridge
PASS visible one-use invite produced a distinct durable member on the installed relay
PASS closing and relaunching the sidecar browser/context reconnected as the same member, not the owner
PASS installed owner had access controls while the plain member had read-only wording and zero controls
PASS restriction revoked already-open member detail/bytes; owner freshly read 50 exact bytes
PASS room access was restored and the same joined member could read the file again
PASS cleanup closed member page/context/browser, stopped loopback server, and removed temp state
PASS installed engine WebSocket close event was awaited and verified
PASS supporting descendant/process scan found no Cloud9 or Playwright sidecar process and no caller temp state

Credential values and in-memory storage state were not printed or written to disk.
