
> cloud9@0.1.0 build
> npm run build -w @cloud9/shared -w @cloud9/engine -w @cloud9/relay -w @cloud9/desktop && npm run typecheck:app


> @cloud9/shared@0.1.0 build
> tsc -p tsconfig.json


> @cloud9/engine@0.1.0 build
> tsc -p tsconfig.json


> @cloud9/relay@0.1.0 build
> tsc -p tsconfig.json


> @cloud9/desktop@0.1.0 build
> vite build

vite v8.1.5 building client environment for production...
[2Ktransforming...✓ 27 modules transformed.
rendering chunks...
computing gzip size...
dist-web/index.html                   0.57 kB │ gzip:   0.33 kB
dist-web/assets/index-CrDcFIf8.css  119.38 kB │ gzip:  20.70 kB
dist-web/assets/index-CcB7aC2B.js   495.82 kB │ gzip: 149.79 kB

✓ built in 334ms

> cloud9@0.1.0 typecheck:app
> tsc -p apps/desktop/tsconfig.json --noEmit

