
> cloud9@0.1.0 build
> npm run build -w @cloud9/shared -w @cloud9/engine -w @cloud9/relay -w @cloud9/desktop && npm run typecheck:app


> @cloud9/shared@0.1.0 build
> tsc -p tsconfig.json


> @cloud9/engine@0.1.0 build
> tsc -p tsconfig.json


> @cloud9/relay@0.1.0 build
> tsc -p tsconfig.json


> @cloud9/desktop@0.1.0 build
> vite build

vite v8.1.5 building client environment for production...
[2Ktransforming...✓ 27 modules transformed.
rendering chunks...
computing gzip size...
dist-web/index.html                   0.57 kB │ gzip:   0.34 kB
dist-web/assets/index-DIPSBIud.css  109.15 kB │ gzip:  19.09 kB
dist-web/assets/index-CzldNuOY.js   468.05 kB │ gzip: 142.78 kB

✓ built in 253ms

> cloud9@0.1.0 typecheck:app
> tsc -p apps/desktop/tsconfig.json --noEmit


SOL_EXIT_CODE=0
